<<<<<<< Updated upstream
Using pre-set license
Built from '2022.3/staging' branch; Version is '2022.3.9f1 (ea401c316338) revision 15351836'; Using compiler version '192829333'; Build Type 'Release'
OS: 'Windows 10  (10.0.19043) 64bit Core' Language: 'ko' Physical Memory: 16221 MB
BatchMode: 1, IsHumanControllingUs: 0, StartBugReporterOnCrash: 0, Is64bit: 1, IsPro: 1

COMMAND LINE ARGUMENTS:
C:\Program Files\Unity 2022.3.9f1\Editor\Unity.exe
=======
Unity Editor version:    2022.3.20f1 (61c2feb0970d)
Branch:                  2022.3/release
Build type:              Release
Batch mode:              YES
macOS version:           Version 14.4.1 (Build 23E224)
Darwin version:          23.4.0
Architecture:            arm64
Running under Rosetta:   NO
Available memory:        16384 MB
Using pre-set license
Pro License: YES

COMMAND LINE ARGUMENTS:
/Applications/Unity/Hub/Editor/2022.3.20f1/Unity.app/Contents/MacOS/Unity
>>>>>>> Stashed changes
-adb2
-batchMode
-noUpm
-name
AssetImportWorker5
-projectPath
<<<<<<< Updated upstream
C:/Users/Administrator/Documents/GitHub/2024_TML_team1/TML_project
-logFile
Logs/AssetImportWorker5.log
-srvPort
52796
Successfully changed project path to: C:/Users/Administrator/Documents/GitHub/2024_TML_team1/TML_project
C:/Users/Administrator/Documents/GitHub/2024_TML_team1/TML_project
=======
/Users/ilovemylife/Documents/GitHub/2024_TML_team1/TML_project
-logFile
Logs/AssetImportWorker5.log
-srvPort
49412
Successfully changed project path to: /Users/ilovemylife/Documents/GitHub/2024_TML_team1/TML_project
/Users/ilovemylife/Documents/GitHub/2024_TML_team1/TML_project
>>>>>>> Stashed changes
[UnityMemory] Configuration Parameters - Can be set up in boot.config
    "memorysetup-bucket-allocator-granularity=16"
    "memorysetup-bucket-allocator-bucket-count=8"
    "memorysetup-bucket-allocator-block-size=33554432"
    "memorysetup-bucket-allocator-block-count=8"
    "memorysetup-main-allocator-block-size=16777216"
    "memorysetup-thread-allocator-block-size=16777216"
    "memorysetup-gfx-main-allocator-block-size=16777216"
    "memorysetup-gfx-thread-allocator-block-size=16777216"
    "memorysetup-cache-allocator-block-size=4194304"
    "memorysetup-typetree-allocator-block-size=2097152"
    "memorysetup-profiler-bucket-allocator-granularity=16"
    "memorysetup-profiler-bucket-allocator-bucket-count=8"
    "memorysetup-profiler-bucket-allocator-block-size=33554432"
    "memorysetup-profiler-bucket-allocator-block-count=8"
    "memorysetup-profiler-allocator-block-size=16777216"
    "memorysetup-profiler-editor-allocator-block-size=1048576"
    "memorysetup-temp-allocator-size-main=16777216"
    "memorysetup-job-temp-allocator-block-size=2097152"
    "memorysetup-job-temp-allocator-block-size-background=1048576"
    "memorysetup-job-temp-allocator-reduction-small-platforms=262144"
    "memorysetup-allocator-temp-initial-block-size-main=262144"
    "memorysetup-allocator-temp-initial-block-size-worker=262144"
    "memorysetup-temp-allocator-size-background-worker=32768"
    "memorysetup-temp-allocator-size-job-worker=262144"
    "memorysetup-temp-allocator-size-preload-manager=33554432"
    "memorysetup-temp-allocator-size-nav-mesh-worker=65536"
    "memorysetup-temp-allocator-size-audio-worker=65536"
    "memorysetup-temp-allocator-size-cloud-worker=32768"
    "memorysetup-temp-allocator-size-gi-baking-worker=262144"
    "memorysetup-temp-allocator-size-gfx=262144"
<<<<<<< Updated upstream
Player connection [21064] Host "[IP] 211.54.97.66 [Port] 0 [Flags] 2 [Guid] 907998814 [EditorId] 907998814 [Version] 1048832 [Id] WindowsEditor(7,ONE) [Debug] 1 [PackageName] WindowsEditor [ProjectName] Editor" joined multi-casting on [225.0.0.222:54997]...

Player connection [21064] Host "[IP] 211.54.97.66 [Port] 0 [Flags] 2 [Guid] 907998814 [EditorId] 907998814 [Version] 1048832 [Id] WindowsEditor(7,ONE) [Debug] 1 [PackageName] WindowsEditor [ProjectName] Editor" joined alternative multi-casting on [225.0.0.222:34997]...

[Physics::Module] Initialized MultithreadedJobDispatcher with 19 workers.
Refreshing native plugins compatible for Editor in 10.90 ms, found 3 plugins.
Preloading 0 native plugins for Editor in 0.00 ms.
Initialize engine version: 2022.3.9f1 (ea401c316338)
[Subsystems] Discovering subsystems at path C:/Program Files/Unity 2022.3.9f1/Editor/Data/Resources/UnitySubsystems
[Subsystems] Discovering subsystems at path C:/Users/Administrator/Documents/GitHub/2024_TML_team1/TML_project/Assets
GfxDevice: creating device client; threaded=0; jobified=0
Direct3D:
    Version:  Direct3D 11.0 [level 11.1]
    Renderer: NVIDIA GeForce RTX 3060 (ID=0x2487)
    Vendor:   NVIDIA
    VRAM:     12110 MB
    Driver:   31.0.15.5152
Initialize mono
Mono path[0] = 'C:/Program Files/Unity 2022.3.9f1/Editor/Data/Managed'
Mono path[1] = 'C:/Program Files/Unity 2022.3.9f1/Editor/Data/MonoBleedingEdge/lib/mono/unityjit-win32'
Mono config path = 'C:/Program Files/Unity 2022.3.9f1/Editor/Data/MonoBleedingEdge/etc'
Using monoOptions --debugger-agent=transport=dt_socket,embedding=1,server=y,suspend=n,address=127.0.0.1:56048
Begin MonoManager ReloadAssembly
Registering precompiled unity dll's ...
Register platform support module: C:/Program Files/Unity 2022.3.9f1/Editor/Data/PlaybackEngines/WindowsStandaloneSupport/UnityEditor.WindowsStandalone.Extensions.dll
Registered in 0.013614 seconds.
- Loaded All Assemblies, in  0.412 seconds
Native extension for WindowsStandalone target not found
Mono: successfully reloaded assembly
- Finished resetting the current domain, in  0.286 seconds
Domain Reload Profiling: 694ms
	BeginReloadAssembly (139ms)
=======
Player connection [8434465472] Host "[IP] 192.168.35.56 [Port] 0 [Flags] 2 [Guid] 3298216593 [EditorId] 3298216593 [Version] 1048832 [Id] OSXEditor(0,ojeongbin-ui-MacBookPro.local) [Debug] 1 [PackageName] OSXEditor [ProjectName] Editor" joined multi-casting on [225.0.0.222:54997]...

Player connection [8434465472] Host "[IP] 192.168.35.56 [Port] 0 [Flags] 2 [Guid] 3298216593 [EditorId] 3298216593 [Version] 1048832 [Id] OSXEditor(0,ojeongbin-ui-MacBookPro.local) [Debug] 1 [PackageName] OSXEditor [ProjectName] Editor" joined alternative multi-casting on [225.0.0.222:34997]...

[Physics::Module] Initialized MultithreadedJobDispatcher with 7 workers.
Refreshing native plugins compatible for Editor in 0.16 ms, found 0 plugins.
Preloading 0 native plugins for Editor in 0.00 ms.
Initialize engine version: 2022.3.20f1 (61c2feb0970d)
[Subsystems] Discovering subsystems at path /Applications/Unity/Hub/Editor/2022.3.20f1/Unity.app/Contents/Resources/UnitySubsystems
[Subsystems] Discovering subsystems at path /Users/ilovemylife/Documents/GitHub/2024_TML_team1/TML_project/Assets
GfxDevice: creating device client; threaded=0; jobified=0
 preferred device: Apple M3 (high power)
Metal devices available: 1
0: Apple M3 (high power)
Using device Apple M3 (high power)
Initializing Metal device caps: Apple M3
Initialize mono
Mono path[0] = '/Applications/Unity/Hub/Editor/2022.3.20f1/Unity.app/Contents/Managed'
Mono path[1] = '/Applications/Unity/Hub/Editor/2022.3.20f1/Unity.app/Contents/MonoBleedingEdge/lib/mono/unityjit-macos'
Mono config path = '/Applications/Unity/Hub/Editor/2022.3.20f1/Unity.app/Contents/MonoBleedingEdge/etc'
Using monoOptions --debugger-agent=transport=dt_socket,embedding=1,server=y,suspend=n,address=127.0.0.1:56256
Begin MonoManager ReloadAssembly
Registering precompiled unity dll's ...
Register platform support module: /Applications/Unity/Hub/Editor/2022.3.20f1/PlaybackEngines/WebGLSupport/UnityEditor.WebGL.Extensions.dll
Register platform support module: /Applications/Unity/Hub/Editor/2022.3.20f1/Unity.app/Contents/PlaybackEngines/MacStandaloneSupport/UnityEditor.OSXStandalone.Extensions.dll
Register platform support module: /Applications/Unity/Hub/Editor/2022.3.20f1/PlaybackEngines/AndroidPlayer/UnityEditor.Android.Extensions.dll
Register platform support module: /Applications/Unity/Hub/Editor/2022.3.20f1/PlaybackEngines/iOSSupport/UnityEditor.iOS.Extensions.dll
Registered in 0.003912 seconds.
- Loaded All Assemblies, in  0.202 seconds
[usbmuxd] Start listen thread
[usbmuxd] Listen thread started
[usbmuxd] Send listen message
Native extension for iOS target not found
Native extension for Android target not found
Android Extension - Scanning For ADB Devices 48 ms
Native extension for OSXStandalone target not found
Native extension for WebGL target not found
Mono: successfully reloaded assembly
- Finished resetting the current domain, in  0.242 seconds
Domain Reload Profiling: 444ms
	BeginReloadAssembly (64ms)
>>>>>>> Stashed changes
		ExecutionOrderSort (0ms)
		DisableScriptedObjects (0ms)
		BackupInstance (0ms)
		ReleaseScriptingObjects (0ms)
<<<<<<< Updated upstream
		CreateAndSetChildDomain (1ms)
	RebuildCommonClasses (37ms)
	RebuildNativeTypeToScriptingClass (12ms)
	initialDomainReloadingComplete (77ms)
	LoadAllAssembliesAndSetupDomain (142ms)
		LoadAssemblies (134ms)
		RebuildTransferFunctionScriptingTraits (0ms)
		AnalyzeDomain (140ms)
			TypeCache.Refresh (138ms)
				TypeCache.ScanAssembly (125ms)
			ScanForSourceGeneratedMonoScriptInfo (0ms)
			ResolveRequiredComponents (0ms)
	FinalizeReload (286ms)
		ReleaseScriptCaches (0ms)
		RebuildScriptCaches (0ms)
		SetupLoadedEditorAssemblies (225ms)
			LogAssemblyErrors (0ms)
			InitializePlatformSupportModulesInManaged (12ms)
			SetLoadedEditorAssemblies (8ms)
			RefreshPlugins (0ms)
			BeforeProcessingInitializeOnLoad (2ms)
			ProcessInitializeOnLoadAttributes (142ms)
			ProcessInitializeOnLoadMethodAttributes (61ms)
=======
		CreateAndSetChildDomain (0ms)
	RebuildCommonClasses (19ms)
	RebuildNativeTypeToScriptingClass (7ms)
	initialDomainReloadingComplete (26ms)
	LoadAllAssembliesAndSetupDomain (86ms)
		LoadAssemblies (66ms)
		RebuildTransferFunctionScriptingTraits (0ms)
		AnalyzeDomain (83ms)
			TypeCache.Refresh (83ms)
				TypeCache.ScanAssembly (75ms)
			ScanForSourceGeneratedMonoScriptInfo (0ms)
			ResolveRequiredComponents (0ms)
	FinalizeReload (242ms)
		ReleaseScriptCaches (0ms)
		RebuildScriptCaches (0ms)
		SetupLoadedEditorAssemblies (212ms)
			LogAssemblyErrors (0ms)
			InitializePlatformSupportModulesInManaged (143ms)
			SetLoadedEditorAssemblies (2ms)
			RefreshPlugins (0ms)
			BeforeProcessingInitializeOnLoad (1ms)
			ProcessInitializeOnLoadAttributes (47ms)
			ProcessInitializeOnLoadMethodAttributes (19ms)
>>>>>>> Stashed changes
			AfterProcessingInitializeOnLoad (0ms)
			EditorAssembliesLoaded (0ms)
		ExecutionOrderSort2 (0ms)
		AwakeInstancesAfterBackupRestoration (0ms)
<<<<<<< Updated upstream
========================================================================
Worker process is ready to serve import requests
Begin MonoManager ReloadAssembly
- Loaded All Assemblies, in  0.803 seconds
Refreshing native plugins compatible for Editor in 5.74 ms, found 3 plugins.
Native extension for WindowsStandalone target not found
Package Manager log level set to [2]
[Package Manager] Server::EnsureServerProcessIsRunning -- launch failed, reason: Unity was launched with the -noUpm command-line argument
[Package Manager] UpmClient::Send -- Unable to send message (not connected to UPM process).
[Package Manager] Cannot connect to Unity Package Manager local server
Mono: successfully reloaded assembly
- Finished resetting the current domain, in  0.652 seconds
Domain Reload Profiling: 1447ms
	BeginReloadAssembly (194ms)
		ExecutionOrderSort (0ms)
		DisableScriptedObjects (6ms)
		BackupInstance (0ms)
		ReleaseScriptingObjects (0ms)
		CreateAndSetChildDomain (18ms)
	RebuildCommonClasses (39ms)
	RebuildNativeTypeToScriptingClass (13ms)
	initialDomainReloadingComplete (60ms)
	LoadAllAssembliesAndSetupDomain (488ms)
		LoadAssemblies (412ms)
		RebuildTransferFunctionScriptingTraits (0ms)
		AnalyzeDomain (201ms)
			TypeCache.Refresh (178ms)
				TypeCache.ScanAssembly (162ms)
			ScanForSourceGeneratedMonoScriptInfo (17ms)
			ResolveRequiredComponents (5ms)
	FinalizeReload (652ms)
		ReleaseScriptCaches (0ms)
		RebuildScriptCaches (0ms)
		SetupLoadedEditorAssemblies (476ms)
			LogAssemblyErrors (0ms)
			InitializePlatformSupportModulesInManaged (9ms)
			SetLoadedEditorAssemblies (5ms)
			RefreshPlugins (0ms)
			BeforeProcessingInitializeOnLoad (83ms)
			ProcessInitializeOnLoadAttributes (332ms)
			ProcessInitializeOnLoadMethodAttributes (32ms)
			AfterProcessingInitializeOnLoad (15ms)
			EditorAssembliesLoaded (0ms)
		ExecutionOrderSort2 (0ms)
		AwakeInstancesAfterBackupRestoration (14ms)
Launched and connected shader compiler UnityShaderCompiler.exe after 0.04 seconds
Refreshing native plugins compatible for Editor in 2.66 ms, found 3 plugins.
Preloading 0 native plugins for Editor in 0.00 ms.
Unloading 3291 Unused Serialized files (Serialized files now loaded: 0)
Unloading 38 unused Assets / (56.3 KB). Loaded Objects now: 3758.
Memory consumption went from 126.0 MB to 125.9 MB.
Total: 1.965400 ms (FindLiveObjects: 0.142100 ms CreateObjectMapping: 0.062200 ms MarkObjects: 1.690200 ms  DeleteObjects: 0.070300 ms)

AssetImportParameters requested are different than current active one (requested -> active):
  custom:container-demuxer-ogg: 62fdf1f143b41e24485cea50d1cbac27 -> 
  custom:video-decoder-ogg-theora: a1e56fd34408186e4bbccfd4996cb3dc -> 
  custom:framework-win-MediaFoundation: 216162199b28c13a410421893ffa2e32 -> 
  custom:CustomObjectIndexerAttribute: 756ad292c208cfabdd7b50bc23989ffe -> 
  custom:container-demuxer-webm: 4f35f7cbe854078d1ac9338744f61a02 -> 
  custom:container-muxer-webm: aa71ff27fc2769a1b78a27578f13a17b -> 
  custom:video-decoder-webm-vp8: 9c59270c3fd7afecdb556c50c9e8de78 -> 
  custom:SearchIndexIgnoredProperties: e643bd26f0fe6173181afceb89e7c659 -> 
  custom:AudioImporter_EditorPlatform: d09bf68614088b80899f8185d706f6e7 -> 
  custom:video-encoder-webm-vp8: eb34c28f22e8b96e1ab97ce403110664 -> 
  custom:audio-decoder-ogg-vorbis: bf7c407c2cedff20999df2af8eb42d56 -> 
  custom:audio-encoder-webm-vorbis: bf7c407c2cedff20999df2af8eb42d56 -> 
========================================================================
Received Prepare
Begin MonoManager ReloadAssembly
- Loaded All Assemblies, in  0.613 seconds
Refreshing native plugins compatible for Editor in 7.46 ms, found 3 plugins.
Native extension for WindowsStandalone target not found
[Package Manager] Server::EnsureServerProcessIsRunning -- launch failed, reason: Unity was launched with the -noUpm command-line argument
[Package Manager] UpmClient::Send -- Unable to send message (not connected to UPM process).
[Package Manager] Cannot connect to Unity Package Manager local server
Mono: successfully reloaded assembly
- Finished resetting the current domain, in  1.372 seconds
Domain Reload Profiling: 1977ms
	BeginReloadAssembly (177ms)
		ExecutionOrderSort (0ms)
		DisableScriptedObjects (8ms)
		BackupInstance (0ms)
		ReleaseScriptingObjects (0ms)
		CreateAndSetChildDomain (32ms)
	RebuildCommonClasses (37ms)
	RebuildNativeTypeToScriptingClass (13ms)
	initialDomainReloadingComplete (45ms)
	LoadAllAssembliesAndSetupDomain (332ms)
		LoadAssemblies (420ms)
		RebuildTransferFunctionScriptingTraits (0ms)
		AnalyzeDomain (16ms)
			TypeCache.Refresh (7ms)
				TypeCache.ScanAssembly (0ms)
			ScanForSourceGeneratedMonoScriptInfo (0ms)
			ResolveRequiredComponents (7ms)
	FinalizeReload (1373ms)
		ReleaseScriptCaches (0ms)
		RebuildScriptCaches (0ms)
		SetupLoadedEditorAssemblies (533ms)
			LogAssemblyErrors (0ms)
			InitializePlatformSupportModulesInManaged (11ms)
			SetLoadedEditorAssemblies (5ms)
			RefreshPlugins (0ms)
			BeforeProcessingInitializeOnLoad (104ms)
			ProcessInitializeOnLoadAttributes (357ms)
			ProcessInitializeOnLoadMethodAttributes (34ms)
			AfterProcessingInitializeOnLoad (21ms)
			EditorAssembliesLoaded (0ms)
		ExecutionOrderSort2 (0ms)
		AwakeInstancesAfterBackupRestoration (19ms)
Refreshing native plugins compatible for Editor in 7.09 ms, found 3 plugins.
Preloading 0 native plugins for Editor in 0.00 ms.
Unloading 3271 Unused Serialized files (Serialized files now loaded: 0)
Unloading 25 unused Assets / (30.5 KB). Loaded Objects now: 3761.
Memory consumption went from 121.6 MB to 121.6 MB.
Total: 3.806400 ms (FindLiveObjects: 0.495100 ms CreateObjectMapping: 0.201600 ms MarkObjects: 3.055100 ms  DeleteObjects: 0.053400 ms)

Prepare: number of updated asset objects reloaded= 0
AssetImportParameters requested are different than current active one (requested -> active):
  custom:container-demuxer-ogg: 62fdf1f143b41e24485cea50d1cbac27 -> 
  custom:video-decoder-ogg-theora: a1e56fd34408186e4bbccfd4996cb3dc -> 
  custom:framework-win-MediaFoundation: 216162199b28c13a410421893ffa2e32 -> 
  custom:CustomObjectIndexerAttribute: 756ad292c208cfabdd7b50bc23989ffe -> 
  custom:container-demuxer-webm: 4f35f7cbe854078d1ac9338744f61a02 -> 
  custom:container-muxer-webm: aa71ff27fc2769a1b78a27578f13a17b -> 
  custom:video-decoder-webm-vp8: 9c59270c3fd7afecdb556c50c9e8de78 -> 
  custom:SearchIndexIgnoredProperties: e643bd26f0fe6173181afceb89e7c659 -> 
  custom:AudioImporter_EditorPlatform: d09bf68614088b80899f8185d706f6e7 -> 
  custom:video-encoder-webm-vp8: eb34c28f22e8b96e1ab97ce403110664 -> 
  custom:audio-decoder-ogg-vorbis: bf7c407c2cedff20999df2af8eb42d56 -> 
  custom:audio-encoder-webm-vorbis: bf7c407c2cedff20999df2af8eb42d56 -> 
========================================================================
Received Prepare
Begin MonoManager ReloadAssembly
- Loaded All Assemblies, in  0.650 seconds
Refreshing native plugins compatible for Editor in 10.14 ms, found 3 plugins.
Native extension for WindowsStandalone target not found
[Package Manager] Server::EnsureServerProcessIsRunning -- launch failed, reason: Unity was launched with the -noUpm command-line argument
[Package Manager] UpmClient::Send -- Unable to send message (not connected to UPM process).
[Package Manager] Cannot connect to Unity Package Manager local server
Mono: successfully reloaded assembly
- Finished resetting the current domain, in  1.464 seconds
Domain Reload Profiling: 2104ms
	BeginReloadAssembly (195ms)
		ExecutionOrderSort (0ms)
		DisableScriptedObjects (7ms)
		BackupInstance (0ms)
		ReleaseScriptingObjects (0ms)
		CreateAndSetChildDomain (31ms)
	RebuildCommonClasses (38ms)
	RebuildNativeTypeToScriptingClass (13ms)
	initialDomainReloadingComplete (46ms)
	LoadAllAssembliesAndSetupDomain (348ms)
		LoadAssemblies (454ms)
		RebuildTransferFunctionScriptingTraits (0ms)
		AnalyzeDomain (15ms)
			TypeCache.Refresh (7ms)
				TypeCache.ScanAssembly (0ms)
			ScanForSourceGeneratedMonoScriptInfo (0ms)
			ResolveRequiredComponents (6ms)
	FinalizeReload (1465ms)
		ReleaseScriptCaches (0ms)
		RebuildScriptCaches (0ms)
		SetupLoadedEditorAssemblies (511ms)
			LogAssemblyErrors (0ms)
			InitializePlatformSupportModulesInManaged (12ms)
			SetLoadedEditorAssemblies (6ms)
			RefreshPlugins (0ms)
			BeforeProcessingInitializeOnLoad (103ms)
			ProcessInitializeOnLoadAttributes (338ms)
			ProcessInitializeOnLoadMethodAttributes (33ms)
			AfterProcessingInitializeOnLoad (21ms)
			EditorAssembliesLoaded (0ms)
		ExecutionOrderSort2 (0ms)
		AwakeInstancesAfterBackupRestoration (19ms)
Refreshing native plugins compatible for Editor in 6.60 ms, found 3 plugins.
Preloading 0 native plugins for Editor in 0.00 ms.
Unloading 3271 Unused Serialized files (Serialized files now loaded: 0)
Unloading 25 unused Assets / (30.5 KB). Loaded Objects now: 3764.
Memory consumption went from 121.6 MB to 121.6 MB.
Total: 3.413400 ms (FindLiveObjects: 0.445000 ms CreateObjectMapping: 0.111600 ms MarkObjects: 2.807700 ms  DeleteObjects: 0.048000 ms)

Prepare: number of updated asset objects reloaded= 0
AssetImportParameters requested are different than current active one (requested -> active):
  custom:container-demuxer-ogg: 62fdf1f143b41e24485cea50d1cbac27 -> 
  custom:video-decoder-ogg-theora: a1e56fd34408186e4bbccfd4996cb3dc -> 
  custom:framework-win-MediaFoundation: 216162199b28c13a410421893ffa2e32 -> 
  custom:CustomObjectIndexerAttribute: 756ad292c208cfabdd7b50bc23989ffe -> 
  custom:container-demuxer-webm: 4f35f7cbe854078d1ac9338744f61a02 -> 
  custom:container-muxer-webm: aa71ff27fc2769a1b78a27578f13a17b -> 
  custom:video-decoder-webm-vp8: 9c59270c3fd7afecdb556c50c9e8de78 -> 
  custom:SearchIndexIgnoredProperties: e643bd26f0fe6173181afceb89e7c659 -> 
  custom:AudioImporter_EditorPlatform: d09bf68614088b80899f8185d706f6e7 -> 
  custom:video-encoder-webm-vp8: eb34c28f22e8b96e1ab97ce403110664 -> 
  custom:audio-decoder-ogg-vorbis: bf7c407c2cedff20999df2af8eb42d56 -> 
  custom:audio-encoder-webm-vorbis: bf7c407c2cedff20999df2af8eb42d56 -> 
========================================================================
Received Prepare
Begin MonoManager ReloadAssembly
- Loaded All Assemblies, in  0.663 seconds
Refreshing native plugins compatible for Editor in 8.75 ms, found 3 plugins.
Native extension for WindowsStandalone target not found
[Package Manager] Server::EnsureServerProcessIsRunning -- launch failed, reason: Unity was launched with the -noUpm command-line argument
[Package Manager] UpmClient::Send -- Unable to send message (not connected to UPM process).
[Package Manager] Cannot connect to Unity Package Manager local server
Mono: successfully reloaded assembly
- Finished resetting the current domain, in  1.457 seconds
Domain Reload Profiling: 2110ms
	BeginReloadAssembly (205ms)
		ExecutionOrderSort (0ms)
		DisableScriptedObjects (9ms)
		BackupInstance (0ms)
		ReleaseScriptingObjects (0ms)
		CreateAndSetChildDomain (31ms)
	RebuildCommonClasses (37ms)
	RebuildNativeTypeToScriptingClass (13ms)
	initialDomainReloadingComplete (44ms)
	LoadAllAssembliesAndSetupDomain (353ms)
		LoadAssemblies (462ms)
		RebuildTransferFunctionScriptingTraits (0ms)
		AnalyzeDomain (15ms)
			TypeCache.Refresh (7ms)
				TypeCache.ScanAssembly (0ms)
			ScanForSourceGeneratedMonoScriptInfo (0ms)
			ResolveRequiredComponents (6ms)
	FinalizeReload (1458ms)
		ReleaseScriptCaches (0ms)
		RebuildScriptCaches (0ms)
		SetupLoadedEditorAssemblies (508ms)
			LogAssemblyErrors (0ms)
			InitializePlatformSupportModulesInManaged (12ms)
			SetLoadedEditorAssemblies (5ms)
			RefreshPlugins (0ms)
			BeforeProcessingInitializeOnLoad (102ms)
			ProcessInitializeOnLoadAttributes (335ms)
			ProcessInitializeOnLoadMethodAttributes (32ms)
			AfterProcessingInitializeOnLoad (21ms)
			EditorAssembliesLoaded (0ms)
		ExecutionOrderSort2 (0ms)
		AwakeInstancesAfterBackupRestoration (18ms)
Refreshing native plugins compatible for Editor in 7.40 ms, found 3 plugins.
Preloading 0 native plugins for Editor in 0.00 ms.
Unloading 3271 Unused Serialized files (Serialized files now loaded: 0)
Unloading 25 unused Assets / (30.5 KB). Loaded Objects now: 3767.
Memory consumption went from 121.6 MB to 121.6 MB.
Total: 3.244300 ms (FindLiveObjects: 0.403200 ms CreateObjectMapping: 0.111700 ms MarkObjects: 2.685100 ms  DeleteObjects: 0.043200 ms)

Prepare: number of updated asset objects reloaded= 0
AssetImportParameters requested are different than current active one (requested -> active):
  custom:container-demuxer-ogg: 62fdf1f143b41e24485cea50d1cbac27 -> 
  custom:video-decoder-ogg-theora: a1e56fd34408186e4bbccfd4996cb3dc -> 
  custom:framework-win-MediaFoundation: 216162199b28c13a410421893ffa2e32 -> 
  custom:CustomObjectIndexerAttribute: 756ad292c208cfabdd7b50bc23989ffe -> 
  custom:container-demuxer-webm: 4f35f7cbe854078d1ac9338744f61a02 -> 
  custom:container-muxer-webm: aa71ff27fc2769a1b78a27578f13a17b -> 
  custom:video-decoder-webm-vp8: 9c59270c3fd7afecdb556c50c9e8de78 -> 
  custom:SearchIndexIgnoredProperties: e643bd26f0fe6173181afceb89e7c659 -> 
  custom:AudioImporter_EditorPlatform: d09bf68614088b80899f8185d706f6e7 -> 
  custom:video-encoder-webm-vp8: eb34c28f22e8b96e1ab97ce403110664 -> 
  custom:audio-decoder-ogg-vorbis: bf7c407c2cedff20999df2af8eb42d56 -> 
  custom:audio-encoder-webm-vorbis: bf7c407c2cedff20999df2af8eb42d56 -> 
========================================================================
Received Prepare
Begin MonoManager ReloadAssembly
- Loaded All Assemblies, in  0.629 seconds
Refreshing native plugins compatible for Editor in 6.98 ms, found 3 plugins.
Native extension for WindowsStandalone target not found
[Package Manager] Server::EnsureServerProcessIsRunning -- launch failed, reason: Unity was launched with the -noUpm command-line argument
[Package Manager] UpmClient::Send -- Unable to send message (not connected to UPM process).
[Package Manager] Cannot connect to Unity Package Manager local server
Mono: successfully reloaded assembly
- Finished resetting the current domain, in  1.252 seconds
Domain Reload Profiling: 1871ms
	BeginReloadAssembly (201ms)
		ExecutionOrderSort (0ms)
		DisableScriptedObjects (8ms)
		BackupInstance (0ms)
		ReleaseScriptingObjects (0ms)
		CreateAndSetChildDomain (31ms)
	RebuildCommonClasses (36ms)
	RebuildNativeTypeToScriptingClass (13ms)
	initialDomainReloadingComplete (44ms)
	LoadAllAssembliesAndSetupDomain (325ms)
		LoadAssemblies (420ms)
		RebuildTransferFunctionScriptingTraits (0ms)
		AnalyzeDomain (27ms)
			TypeCache.Refresh (20ms)
				TypeCache.ScanAssembly (0ms)
			ScanForSourceGeneratedMonoScriptInfo (0ms)
			ResolveRequiredComponents (6ms)
	FinalizeReload (1252ms)
		ReleaseScriptCaches (0ms)
		RebuildScriptCaches (0ms)
		SetupLoadedEditorAssemblies (440ms)
			LogAssemblyErrors (0ms)
			InitializePlatformSupportModulesInManaged (10ms)
			SetLoadedEditorAssemblies (5ms)
			RefreshPlugins (0ms)
			BeforeProcessingInitializeOnLoad (92ms)
			ProcessInitializeOnLoadAttributes (288ms)
			ProcessInitializeOnLoadMethodAttributes (27ms)
			AfterProcessingInitializeOnLoad (18ms)
			EditorAssembliesLoaded (0ms)
		ExecutionOrderSort2 (0ms)
		AwakeInstancesAfterBackupRestoration (16ms)
Refreshing native plugins compatible for Editor in 6.28 ms, found 3 plugins.
Preloading 0 native plugins for Editor in 0.00 ms.
Unloading 3271 Unused Serialized files (Serialized files now loaded: 0)
Unloading 25 unused Assets / (30.6 KB). Loaded Objects now: 3770.
Memory consumption went from 121.6 MB to 121.6 MB.
Total: 2.863200 ms (FindLiveObjects: 0.376300 ms CreateObjectMapping: 0.099000 ms MarkObjects: 2.344600 ms  DeleteObjects: 0.042400 ms)

Prepare: number of updated asset objects reloaded= 0
AssetImportParameters requested are different than current active one (requested -> active):
  custom:container-demuxer-ogg: 62fdf1f143b41e24485cea50d1cbac27 -> 
  custom:video-decoder-ogg-theora: a1e56fd34408186e4bbccfd4996cb3dc -> 
  custom:framework-win-MediaFoundation: 216162199b28c13a410421893ffa2e32 -> 
  custom:CustomObjectIndexerAttribute: 756ad292c208cfabdd7b50bc23989ffe -> 
  custom:container-demuxer-webm: 4f35f7cbe854078d1ac9338744f61a02 -> 
  custom:container-muxer-webm: aa71ff27fc2769a1b78a27578f13a17b -> 
  custom:video-decoder-webm-vp8: 9c59270c3fd7afecdb556c50c9e8de78 -> 
  custom:SearchIndexIgnoredProperties: e643bd26f0fe6173181afceb89e7c659 -> 
  custom:AudioImporter_EditorPlatform: d09bf68614088b80899f8185d706f6e7 -> 
  custom:video-encoder-webm-vp8: eb34c28f22e8b96e1ab97ce403110664 -> 
  custom:audio-decoder-ogg-vorbis: bf7c407c2cedff20999df2af8eb42d56 -> 
  custom:audio-encoder-webm-vorbis: bf7c407c2cedff20999df2af8eb42d56 -> 
========================================================================
Received Prepare
Begin MonoManager ReloadAssembly
- Loaded All Assemblies, in  0.588 seconds
Refreshing native plugins compatible for Editor in 6.85 ms, found 3 plugins.
Native extension for WindowsStandalone target not found
[Package Manager] Server::EnsureServerProcessIsRunning -- launch failed, reason: Unity was launched with the -noUpm command-line argument
[Package Manager] UpmClient::Send -- Unable to send message (not connected to UPM process).
[Package Manager] Cannot connect to Unity Package Manager local server
Mono: successfully reloaded assembly
- Finished resetting the current domain, in  1.262 seconds
Domain Reload Profiling: 1842ms
	BeginReloadAssembly (192ms)
		ExecutionOrderSort (0ms)
		DisableScriptedObjects (8ms)
		BackupInstance (0ms)
		ReleaseScriptingObjects (0ms)
		CreateAndSetChildDomain (30ms)
	RebuildCommonClasses (36ms)
	RebuildNativeTypeToScriptingClass (13ms)
	initialDomainReloadingComplete (43ms)
	LoadAllAssembliesAndSetupDomain (296ms)
		LoadAssemblies (390ms)
		RebuildTransferFunctionScriptingTraits (0ms)
		AnalyzeDomain (24ms)
			TypeCache.Refresh (10ms)
				TypeCache.ScanAssembly (1ms)
			ScanForSourceGeneratedMonoScriptInfo (7ms)
			ResolveRequiredComponents (5ms)
	FinalizeReload (1262ms)
		ReleaseScriptCaches (0ms)
		RebuildScriptCaches (0ms)
		SetupLoadedEditorAssemblies (442ms)
			LogAssemblyErrors (0ms)
			InitializePlatformSupportModulesInManaged (9ms)
			SetLoadedEditorAssemblies (5ms)
			RefreshPlugins (0ms)
			BeforeProcessingInitializeOnLoad (88ms)
			ProcessInitializeOnLoadAttributes (293ms)
			ProcessInitializeOnLoadMethodAttributes (28ms)
			AfterProcessingInitializeOnLoad (19ms)
			EditorAssembliesLoaded (0ms)
		ExecutionOrderSort2 (0ms)
		AwakeInstancesAfterBackupRestoration (17ms)
Refreshing native plugins compatible for Editor in 6.47 ms, found 3 plugins.
Preloading 0 native plugins for Editor in 0.00 ms.
Unloading 3271 Unused Serialized files (Serialized files now loaded: 0)
Unloading 25 unused Assets / (30.5 KB). Loaded Objects now: 3773.
Memory consumption went from 121.6 MB to 121.6 MB.
Total: 2.999600 ms (FindLiveObjects: 0.383700 ms CreateObjectMapping: 0.123900 ms MarkObjects: 2.447100 ms  DeleteObjects: 0.044100 ms)

Prepare: number of updated asset objects reloaded= 0
AssetImportParameters requested are different than current active one (requested -> active):
  custom:container-demuxer-ogg: 62fdf1f143b41e24485cea50d1cbac27 -> 
  custom:video-decoder-ogg-theora: a1e56fd34408186e4bbccfd4996cb3dc -> 
  custom:framework-win-MediaFoundation: 216162199b28c13a410421893ffa2e32 -> 
  custom:CustomObjectIndexerAttribute: 756ad292c208cfabdd7b50bc23989ffe -> 
  custom:container-demuxer-webm: 4f35f7cbe854078d1ac9338744f61a02 -> 
  custom:container-muxer-webm: aa71ff27fc2769a1b78a27578f13a17b -> 
  custom:video-decoder-webm-vp8: 9c59270c3fd7afecdb556c50c9e8de78 -> 
  custom:SearchIndexIgnoredProperties: e643bd26f0fe6173181afceb89e7c659 -> 
  custom:AudioImporter_EditorPlatform: d09bf68614088b80899f8185d706f6e7 -> 
  custom:video-encoder-webm-vp8: eb34c28f22e8b96e1ab97ce403110664 -> 
  custom:audio-decoder-ogg-vorbis: bf7c407c2cedff20999df2af8eb42d56 -> 
  custom:audio-encoder-webm-vorbis: bf7c407c2cedff20999df2af8eb42d56 -> 
========================================================================
Received Import Request.
  Time since last request: 18674.951614 seconds.
  path: Assets/Assets/Images/ㄱ。기본형/치토기본형 측면 모션(우)/치토기본형 측면(우)_00000.png
  artifactKey: Guid(3a9b5ad74c2c1af49ba57f238105c34e) Importer(815301076,1909f56bfc062723c751e8b465ee728b)
Start importing Assets/Assets/Images/ㄱ。기본형/치토기본형 측면 모션(우)/치토기본형 측면(우)_00000.png using Guid(3a9b5ad74c2c1af49ba57f238105c34e) Importer(815301076,1909f56bfc062723c751e8b465ee728b)  -> (artifact id: '2ad4a09ab75d2f11df850434f4154aa7') in 0.118733 seconds
Number of updated asset objects reloaded before import = 0
Number of asset objects unloaded after import = 3
========================================================================
Received Import Request.
  Time since last request: 0.000023 seconds.
  path: Assets/Assets/Images/ㄱ。기본형/치토기본형 측면 모션(우)/치토기본형 측면(우)_00018.png
  artifactKey: Guid(37975daeb394cb84798e32aa74466d61) Importer(815301076,1909f56bfc062723c751e8b465ee728b)
Start importing Assets/Assets/Images/ㄱ。기본형/치토기본형 측면 모션(우)/치토기본형 측면(우)_00018.png using Guid(37975daeb394cb84798e32aa74466d61) Importer(815301076,1909f56bfc062723c751e8b465ee728b)  -> (artifact id: '58a9c40fcb87f02855f8eb30ef5cf4b1') in 0.031406 seconds
Number of updated asset objects reloaded before import = 0
Number of asset objects unloaded after import = 3
========================================================================
Received Import Request.
  Time since last request: 0.000027 seconds.
  path: Assets/Assets/Images/ㄱ。기본형/치토기본형 측면 모션(우)/치토기본형 측면(우)_00011.png
  artifactKey: Guid(f31f77d65d455f04a94af8be4e1e39d6) Importer(815301076,1909f56bfc062723c751e8b465ee728b)
Start importing Assets/Assets/Images/ㄱ。기본형/치토기본형 측면 모션(우)/치토기본형 측면(우)_00011.png using Guid(f31f77d65d455f04a94af8be4e1e39d6) Importer(815301076,1909f56bfc062723c751e8b465ee728b)  -> (artifact id: '6e5ee0ca099018dbd3c11c19cd69a2c2') in 0.026281 seconds
Number of updated asset objects reloaded before import = 0
Number of asset objects unloaded after import = 3
========================================================================
Received Import Request.
  Time since last request: 0.000017 seconds.
  path: Assets/Assets/Images/ㄱ。기본형/치토기본형 측면 모션(우)/치토기본형 측면(우)_00016.png
  artifactKey: Guid(a8beab1f24ff7e94e9e2c0d39625cc13) Importer(815301076,1909f56bfc062723c751e8b465ee728b)
Start importing Assets/Assets/Images/ㄱ。기본형/치토기본형 측면 모션(우)/치토기본형 측면(우)_00016.png using Guid(a8beab1f24ff7e94e9e2c0d39625cc13) Importer(815301076,1909f56bfc062723c751e8b465ee728b)  -> (artifact id: 'b27c66d3e769ca70fc5c5c05c966162e') in 0.024840 seconds
Number of updated asset objects reloaded before import = 0
Number of asset objects unloaded after import = 3
========================================================================
Received Import Request.
  Time since last request: 0.000051 seconds.
  path: Assets/Assets/Images/ㄱ。기본형/치토기본형 측면 모션(우)/치토기본형 측면(우)_00007.png
  artifactKey: Guid(d235d970a96e09844820ea3fafcef9ac) Importer(815301076,1909f56bfc062723c751e8b465ee728b)
Start importing Assets/Assets/Images/ㄱ。기본형/치토기본형 측면 모션(우)/치토기본형 측면(우)_00007.png using Guid(d235d970a96e09844820ea3fafcef9ac) Importer(815301076,1909f56bfc062723c751e8b465ee728b)  -> (artifact id: '86bb6df546ad8a806e0d6203698d3446') in 0.024118 seconds
Number of updated asset objects reloaded before import = 0
Number of asset objects unloaded after import = 3
========================================================================
Received Import Request.
  Time since last request: 0.000017 seconds.
  path: Assets/Assets/Images/ㄱ。기본형/치토기본형 측면 모션(우)/치토기본형 측면(우)_00009.png
  artifactKey: Guid(5428c6be600d1f642b74b39f5b3a8db5) Importer(815301076,1909f56bfc062723c751e8b465ee728b)
Start importing Assets/Assets/Images/ㄱ。기본형/치토기본형 측면 모션(우)/치토기본형 측면(우)_00009.png using Guid(5428c6be600d1f642b74b39f5b3a8db5) Importer(815301076,1909f56bfc062723c751e8b465ee728b)  -> (artifact id: 'ab9f99c6a4045cf4899531bfdafd2e42') in 0.026754 seconds
Number of updated asset objects reloaded before import = 0
Number of asset objects unloaded after import = 3
========================================================================
Received Import Request.
  Time since last request: 0.000021 seconds.
  path: Assets/Assets/Images/ㄱ。기본형/치토기본형 측면 모션(우)/치토기본형 측면(우)_00014.png
  artifactKey: Guid(ad52be62110ea9546b811cbeca45f837) Importer(815301076,1909f56bfc062723c751e8b465ee728b)
Start importing Assets/Assets/Images/ㄱ。기본형/치토기본형 측면 모션(우)/치토기본형 측면(우)_00014.png using Guid(ad52be62110ea9546b811cbeca45f837) Importer(815301076,1909f56bfc062723c751e8b465ee728b)  -> (artifact id: '8face6a72fe79c7e9daebc0dc2160fb0') in 0.025923 seconds
Number of updated asset objects reloaded before import = 0
Number of asset objects unloaded after import = 3
========================================================================
Received Import Request.
  Time since last request: 0.000028 seconds.
  path: Assets/Assets/Images/ㄱ。기본형/치토기본형 측면 모션(우)/치토기본형 측면(우)_00006.png
  artifactKey: Guid(8b2b7eb10bf37f34cb47e264bf829ae7) Importer(815301076,1909f56bfc062723c751e8b465ee728b)
Start importing Assets/Assets/Images/ㄱ。기본형/치토기본형 측면 모션(우)/치토기본형 측면(우)_00006.png using Guid(8b2b7eb10bf37f34cb47e264bf829ae7) Importer(815301076,1909f56bfc062723c751e8b465ee728b)  -> (artifact id: '7600c0bf788bcf60d7b88d19117bfee8') in 0.021117 seconds
Number of updated asset objects reloaded before import = 0
Number of asset objects unloaded after import = 3
========================================================================
Received Import Request.
  Time since last request: 0.000018 seconds.
  path: Assets/Assets/Images/ㄱ。기본형/치토기본형 측면 모션(우)/치토기본형 측면(우)_00013.png
  artifactKey: Guid(1f1d6e511e419af41a7eb17ee966fd85) Importer(815301076,1909f56bfc062723c751e8b465ee728b)
Start importing Assets/Assets/Images/ㄱ。기본형/치토기본형 측면 모션(우)/치토기본형 측면(우)_00013.png using Guid(1f1d6e511e419af41a7eb17ee966fd85) Importer(815301076,1909f56bfc062723c751e8b465ee728b)  -> (artifact id: 'ea88af28f5b3bd44b91d775bfc3b8b9f') in 0.021828 seconds
Number of updated asset objects reloaded before import = 0
Number of asset objects unloaded after import = 3
========================================================================
Received Import Request.
  Time since last request: 0.000021 seconds.
  path: Assets/Assets/Images/ㄱ。기본형/치토기본형 측면 모션(우)/치토기본형 측면(우)_00008.png
  artifactKey: Guid(c59190f24edb02e409382c06e7f7c894) Importer(815301076,1909f56bfc062723c751e8b465ee728b)
Start importing Assets/Assets/Images/ㄱ。기본형/치토기본형 측면 모션(우)/치토기본형 측면(우)_00008.png using Guid(c59190f24edb02e409382c06e7f7c894) Importer(815301076,1909f56bfc062723c751e8b465ee728b)  -> (artifact id: 'a502f209200bf851fa691e86a7c4828d') in 0.023047 seconds
Number of updated asset objects reloaded before import = 0
Number of asset objects unloaded after import = 3
========================================================================
Received Import Request.
  Time since last request: 1.346471 seconds.
  path: Assets/Assets/Images/ㄱ。기본형/치토기본형 측면 모션(좌)/치토기본형 측면(좌)_00001.png
  artifactKey: Guid(c966ae76ab5c00a4ab0c8c0481bcba97) Importer(815301076,1909f56bfc062723c751e8b465ee728b)
Start importing Assets/Assets/Images/ㄱ。기본형/치토기본형 측면 모션(좌)/치토기본형 측면(좌)_00001.png using Guid(c966ae76ab5c00a4ab0c8c0481bcba97) Importer(815301076,1909f56bfc062723c751e8b465ee728b)  -> (artifact id: 'a4dc689ab652459e240cc5320cb3f0e6') in 0.021488 seconds
Number of updated asset objects reloaded before import = 0
Number of asset objects unloaded after import = 2
========================================================================
Received Import Request.
  Time since last request: 0.000014 seconds.
  path: Assets/Assets/Images/ㄱ。기본형/치토기본형 측면 모션(좌)/치토기본형 측면(좌)_00003.png
  artifactKey: Guid(1ae4fc600ae2bc34db7239cb9ce6b14e) Importer(815301076,1909f56bfc062723c751e8b465ee728b)
Start importing Assets/Assets/Images/ㄱ。기본형/치토기본형 측면 모션(좌)/치토기본형 측면(좌)_00003.png using Guid(1ae4fc600ae2bc34db7239cb9ce6b14e) Importer(815301076,1909f56bfc062723c751e8b465ee728b)  -> (artifact id: 'ce2d9492a9a29a462874beea8fe0762b') in 0.022012 seconds
Number of updated asset objects reloaded before import = 0
Number of asset objects unloaded after import = 2
========================================================================
Received Import Request.
  Time since last request: 0.000014 seconds.
  path: Assets/Assets/Images/ㄱ。기본형/치토기본형 측면 모션(좌)/치토기본형 측면(좌)_00005.png
  artifactKey: Guid(45bbc4f8f5df21641bc8806cf7aa4b66) Importer(815301076,1909f56bfc062723c751e8b465ee728b)
Start importing Assets/Assets/Images/ㄱ。기본형/치토기본형 측면 모션(좌)/치토기본형 측면(좌)_00005.png using Guid(45bbc4f8f5df21641bc8806cf7aa4b66) Importer(815301076,1909f56bfc062723c751e8b465ee728b)  -> (artifact id: '09471ed6fef2b9b9be11affb3e6f98c5') in 0.021131 seconds
Number of updated asset objects reloaded before import = 0
Number of asset objects unloaded after import = 2
========================================================================
Received Import Request.
  Time since last request: 0.000049 seconds.
  path: Assets/Assets/Images/ㄱ。기본형/치토기본형 측면 모션(좌)/치토기본형 측면(좌)_00017.png
  artifactKey: Guid(3442036990cde2b48ae35b8a3710fc69) Importer(815301076,1909f56bfc062723c751e8b465ee728b)
Start importing Assets/Assets/Images/ㄱ。기본형/치토기본형 측면 모션(좌)/치토기본형 측면(좌)_00017.png using Guid(3442036990cde2b48ae35b8a3710fc69) Importer(815301076,1909f56bfc062723c751e8b465ee728b)  -> (artifact id: 'cc4dfd942badf5edf27e7ca79f516ee2') in 0.020681 seconds
Number of updated asset objects reloaded before import = 0
Number of asset objects unloaded after import = 2
========================================================================
Received Import Request.
  Time since last request: 0.000014 seconds.
  path: Assets/Assets/Images/ㄱ。기본형/치토기본형 측면 모션(좌)/치토기본형 측면(좌)_00012.png
  artifactKey: Guid(8665d9f6eeb625e47a9be76293adf651) Importer(815301076,1909f56bfc062723c751e8b465ee728b)
Start importing Assets/Assets/Images/ㄱ。기본형/치토기본형 측면 모션(좌)/치토기본형 측면(좌)_00012.png using Guid(8665d9f6eeb625e47a9be76293adf651) Importer(815301076,1909f56bfc062723c751e8b465ee728b)  -> (artifact id: '0f214c24feb65bf762c8d0eccb81409f') in 0.021380 seconds
Number of updated asset objects reloaded before import = 0
Number of asset objects unloaded after import = 2
========================================================================
Received Import Request.
  Time since last request: 0.000635 seconds.
  path: Assets/Assets/Images/ㄱ。기본형/치토기본형 측면 모션(좌)/치토기본형 측면(좌)_00008.png
  artifactKey: Guid(0f5da37a10987c445af6c529d4c3448a) Importer(815301076,1909f56bfc062723c751e8b465ee728b)
Start importing Assets/Assets/Images/ㄱ。기본형/치토기본형 측면 모션(좌)/치토기본형 측면(좌)_00008.png using Guid(0f5da37a10987c445af6c529d4c3448a) Importer(815301076,1909f56bfc062723c751e8b465ee728b)  -> (artifact id: '7cf11a49cd24d92ab4a0fb5ed4fcccc3') in 0.020719 seconds
Number of updated asset objects reloaded before import = 0
Number of asset objects unloaded after import = 2
========================================================================
Received Import Request.
  Time since last request: 0.000018 seconds.
  path: Assets/Assets/Images/ㄱ。기본형/치토기본형 측면 모션(좌)/치토기본형 측면(좌)_00011.png
  artifactKey: Guid(e84ffe07ec0126e4aa6c6aae86175a2e) Importer(815301076,1909f56bfc062723c751e8b465ee728b)
Start importing Assets/Assets/Images/ㄱ。기본형/치토기본형 측면 모션(좌)/치토기본형 측면(좌)_00011.png using Guid(e84ffe07ec0126e4aa6c6aae86175a2e) Importer(815301076,1909f56bfc062723c751e8b465ee728b)  -> (artifact id: 'bc52d581330c259f1de098b5f207d5ba') in 0.020876 seconds
Number of updated asset objects reloaded before import = 0
Number of asset objects unloaded after import = 2
========================================================================
Received Import Request.
  Time since last request: 0.000014 seconds.
  path: Assets/Assets/Images/ㄱ。기본형/치토기본형 측면 모션(좌)/치토기본형 측면(좌)_00004.png
  artifactKey: Guid(364bb9187f209ef439f8c8584b5d8441) Importer(815301076,1909f56bfc062723c751e8b465ee728b)
Start importing Assets/Assets/Images/ㄱ。기본형/치토기본형 측면 모션(좌)/치토기본형 측면(좌)_00004.png using Guid(364bb9187f209ef439f8c8584b5d8441) Importer(815301076,1909f56bfc062723c751e8b465ee728b)  -> (artifact id: '79e32d75c7b694e1dacd47d606da60f6') in 0.020889 seconds
Number of updated asset objects reloaded before import = 0
Number of asset objects unloaded after import = 2
========================================================================
Received Import Request.
  Time since last request: 0.000014 seconds.
  path: Assets/Assets/Images/ㄱ。기본형/치토기본형 측면 모션(좌)/치토기본형 측면(좌)_00006.png
  artifactKey: Guid(54b46604a455ee34c8c39156b7ff0b50) Importer(815301076,1909f56bfc062723c751e8b465ee728b)
Start importing Assets/Assets/Images/ㄱ。기본형/치토기본형 측면 모션(좌)/치토기본형 측면(좌)_00006.png using Guid(54b46604a455ee34c8c39156b7ff0b50) Importer(815301076,1909f56bfc062723c751e8b465ee728b)  -> (artifact id: 'ecb2903acd191a03c906d034579604df') in 0.020839 seconds
Number of updated asset objects reloaded before import = 0
Number of asset objects unloaded after import = 2
========================================================================
Received Import Request.
  Time since last request: 0.000017 seconds.
  path: Assets/Assets/Images/ㄱ。기본형/치토기본형 측면 모션(좌)/치토기본형 측면(좌)_00016.png
  artifactKey: Guid(1ffe9ec981515b548832f0741f25fb6a) Importer(815301076,1909f56bfc062723c751e8b465ee728b)
Start importing Assets/Assets/Images/ㄱ。기본형/치토기본형 측면 모션(좌)/치토기본형 측면(좌)_00016.png using Guid(1ffe9ec981515b548832f0741f25fb6a) Importer(815301076,1909f56bfc062723c751e8b465ee728b)  -> (artifact id: '26abc1dab382ea3da92baf6fdfb599d0') in 0.019596 seconds
Number of updated asset objects reloaded before import = 0
Number of asset objects unloaded after import = 2
========================================================================
Received Import Request.
  Time since last request: 8.665449 seconds.
  path: Assets/Assets/Images/ㄱ。기본형/치토기본형 측면 모션(좌)/치토기본형 측면(좌)_00001.png
  artifactKey: Guid(c966ae76ab5c00a4ab0c8c0481bcba97) Importer(815301076,1909f56bfc062723c751e8b465ee728b)
Start importing Assets/Assets/Images/ㄱ。기본형/치토기본형 측면 모션(좌)/치토기본형 측면(좌)_00001.png using Guid(c966ae76ab5c00a4ab0c8c0481bcba97) Importer(815301076,1909f56bfc062723c751e8b465ee728b)  -> (artifact id: '525bd112dfe3d724487667f55788a455') in 0.103204 seconds
Number of updated asset objects reloaded before import = 0
Number of asset objects unloaded after import = 3
========================================================================
Received Import Request.
  Time since last request: 0.000018 seconds.
  path: Assets/Assets/Images/ㄱ。기본형/치토기본형 측면 모션(좌)/치토기본형 측면(좌)_00005.png
  artifactKey: Guid(45bbc4f8f5df21641bc8806cf7aa4b66) Importer(815301076,1909f56bfc062723c751e8b465ee728b)
Start importing Assets/Assets/Images/ㄱ。기본형/치토기본형 측면 모션(좌)/치토기본형 측면(좌)_00005.png using Guid(45bbc4f8f5df21641bc8806cf7aa4b66) Importer(815301076,1909f56bfc062723c751e8b465ee728b)  -> (artifact id: '60690af3bbfb0877f5629dd04f7b27ff') in 0.069213 seconds
Number of updated asset objects reloaded before import = 0
Number of asset objects unloaded after import = 3
========================================================================
Received Import Request.
  Time since last request: 0.000016 seconds.
  path: Assets/Assets/Images/ㄱ。기본형/치토기본형 측면 모션(좌)/치토기본형 측면(좌)_00012.png
  artifactKey: Guid(8665d9f6eeb625e47a9be76293adf651) Importer(815301076,1909f56bfc062723c751e8b465ee728b)
Start importing Assets/Assets/Images/ㄱ。기본형/치토기본형 측면 모션(좌)/치토기본형 측면(좌)_00012.png using Guid(8665d9f6eeb625e47a9be76293adf651) Importer(815301076,1909f56bfc062723c751e8b465ee728b)  -> (artifact id: '4f935e7ae498f76acead80a552fc20ac') in 0.044777 seconds
Number of updated asset objects reloaded before import = 0
Number of asset objects unloaded after import = 3
========================================================================
Received Import Request.
  Time since last request: 0.000020 seconds.
  path: Assets/Assets/Images/ㄱ。기본형/치토기본형 측면 모션(좌)/치토기본형 측면(좌)_00018.png
  artifactKey: Guid(d5c494e6edb7e314a91b59ad40d54035) Importer(815301076,1909f56bfc062723c751e8b465ee728b)
Start importing Assets/Assets/Images/ㄱ。기본형/치토기본형 측면 모션(좌)/치토기본형 측면(좌)_00018.png using Guid(d5c494e6edb7e314a91b59ad40d54035) Importer(815301076,1909f56bfc062723c751e8b465ee728b)  -> (artifact id: 'a098d2bd31cf727a4c59dec78e35f81f') in 0.030392 seconds
Number of updated asset objects reloaded before import = 0
Number of asset objects unloaded after import = 3
========================================================================
Received Import Request.
  Time since last request: 0.000024 seconds.
  path: Assets/Assets/Images/ㄱ。기본형/치토기본형 측면 모션(좌)/치토기본형 측면(좌)_00006.png
  artifactKey: Guid(54b46604a455ee34c8c39156b7ff0b50) Importer(815301076,1909f56bfc062723c751e8b465ee728b)
Start importing Assets/Assets/Images/ㄱ。기본형/치토기본형 측면 모션(좌)/치토기본형 측면(좌)_00006.png using Guid(54b46604a455ee34c8c39156b7ff0b50) Importer(815301076,1909f56bfc062723c751e8b465ee728b)  -> (artifact id: 'ef51c7a0a3f362574136bf71405f024e') in 0.026389 seconds
Number of updated asset objects reloaded before import = 0
Number of asset objects unloaded after import = 3
========================================================================
Received Import Request.
  Time since last request: 0.328130 seconds.
  path: Assets/Assets/Images/ㄱ。기본형/치토기본형 후면 모션/치토기본형 후면_00002.png
  artifactKey: Guid(67fca3487d6b16949ac4d0b801d7378b) Importer(815301076,1909f56bfc062723c751e8b465ee728b)
Start importing Assets/Assets/Images/ㄱ。기본형/치토기본형 후면 모션/치토기본형 후면_00002.png using Guid(67fca3487d6b16949ac4d0b801d7378b) Importer(815301076,1909f56bfc062723c751e8b465ee728b)  -> (artifact id: '93306d8841f0867b11df2befcfc90f80') in 0.034193 seconds
Number of updated asset objects reloaded before import = 0
Number of asset objects unloaded after import = 2
========================================================================
Received Import Request.
  Time since last request: 0.000278 seconds.
  path: Assets/Assets/Images/ㄱ。기본형/치토기본형 후면 모션/치토기본형 후면_00014.png
  artifactKey: Guid(d899eb106f37bca4fad766830a2e3871) Importer(815301076,1909f56bfc062723c751e8b465ee728b)
Start importing Assets/Assets/Images/ㄱ。기본형/치토기본형 후면 모션/치토기본형 후면_00014.png using Guid(d899eb106f37bca4fad766830a2e3871) Importer(815301076,1909f56bfc062723c751e8b465ee728b)  -> (artifact id: '62cff2ccd0d629c5b750de72306b6f65') in 0.022989 seconds
Number of updated asset objects reloaded before import = 0
Number of asset objects unloaded after import = 2
========================================================================
Received Import Request.
  Time since last request: 0.000019 seconds.
  path: Assets/Assets/Images/ㄱ。기본형/치토기본형 후면 모션/치토기본형 후면_00006.png
  artifactKey: Guid(27e02b733e134124084e43cf89c96bfe) Importer(815301076,1909f56bfc062723c751e8b465ee728b)
Start importing Assets/Assets/Images/ㄱ。기본형/치토기본형 후면 모션/치토기본형 후면_00006.png using Guid(27e02b733e134124084e43cf89c96bfe) Importer(815301076,1909f56bfc062723c751e8b465ee728b)  -> (artifact id: '1e52ea64a2b303a8f7f9cd7e63e3b16c') in 0.022985 seconds
Number of updated asset objects reloaded before import = 0
Number of asset objects unloaded after import = 2
========================================================================
Received Import Request.
  Time since last request: 0.000072 seconds.
  path: Assets/Assets/Images/ㄱ。기본형/치토기본형 후면 모션/치토기본형 후면_00017.png
  artifactKey: Guid(11568334cdbb8044b8fc91ef6721b06a) Importer(815301076,1909f56bfc062723c751e8b465ee728b)
Start importing Assets/Assets/Images/ㄱ。기본형/치토기본형 후면 모션/치토기본형 후면_00017.png using Guid(11568334cdbb8044b8fc91ef6721b06a) Importer(815301076,1909f56bfc062723c751e8b465ee728b)  -> (artifact id: '88fca4ef7896e684b341cefe35b73c1f') in 0.024400 seconds
Number of updated asset objects reloaded before import = 0
Number of asset objects unloaded after import = 2
========================================================================
Received Import Request.
  Time since last request: 0.000015 seconds.
  path: Assets/Assets/Images/ㄱ。기본형/치토기본형 후면 모션/치토기본형 후면_00004.png
  artifactKey: Guid(28d611c3c6ed9dd46a98e44945e0cca8) Importer(815301076,1909f56bfc062723c751e8b465ee728b)
Start importing Assets/Assets/Images/ㄱ。기본형/치토기본형 후면 모션/치토기본형 후면_00004.png using Guid(28d611c3c6ed9dd46a98e44945e0cca8) Importer(815301076,1909f56bfc062723c751e8b465ee728b)  -> (artifact id: '4504d061c4007e72d7aea27c0f715dc0') in 0.022056 seconds
Number of updated asset objects reloaded before import = 0
Number of asset objects unloaded after import = 2
========================================================================
Received Import Request.
  Time since last request: 9.898095 seconds.
  path: Assets/Assets/Images/ㄱ。기본형/치토기본형 후면 모션/치토기본형 후면_00001.png
  artifactKey: Guid(0e6e5ce96df0c7b4984c851e6a4c8f56) Importer(815301076,1909f56bfc062723c751e8b465ee728b)
Start importing Assets/Assets/Images/ㄱ。기본형/치토기본형 후면 모션/치토기본형 후면_00001.png using Guid(0e6e5ce96df0c7b4984c851e6a4c8f56) Importer(815301076,1909f56bfc062723c751e8b465ee728b)  -> (artifact id: 'f38bdbca5d08a5da2702acb80589df80') in 0.038598 seconds
Number of updated asset objects reloaded before import = 0
Number of asset objects unloaded after import = 3
========================================================================
Received Import Request.
  Time since last request: 0.000015 seconds.
  path: Assets/Assets/Images/ㄱ。기본형/치토기본형 후면 모션/치토기본형 후면_00011.png
  artifactKey: Guid(8600995926b586849b30ae950b98e763) Importer(815301076,1909f56bfc062723c751e8b465ee728b)
Start importing Assets/Assets/Images/ㄱ。기본형/치토기본형 후면 모션/치토기본형 후면_00011.png using Guid(8600995926b586849b30ae950b98e763) Importer(815301076,1909f56bfc062723c751e8b465ee728b)  -> (artifact id: '28eede300d8668e62672b194883e85bc') in 0.144435 seconds
Number of updated asset objects reloaded before import = 0
Number of asset objects unloaded after import = 3
========================================================================
Received Import Request.
  Time since last request: 0.000016 seconds.
  path: Assets/Assets/Images/ㄱ。기본형/치토기본형 후면 모션/치토기본형 후면_00017.png
  artifactKey: Guid(11568334cdbb8044b8fc91ef6721b06a) Importer(815301076,1909f56bfc062723c751e8b465ee728b)
Start importing Assets/Assets/Images/ㄱ。기본형/치토기본형 후면 모션/치토기본형 후면_00017.png using Guid(11568334cdbb8044b8fc91ef6721b06a) Importer(815301076,1909f56bfc062723c751e8b465ee728b)  -> (artifact id: '4b865ae336657f09364bfbf001e7690f') in 0.024910 seconds
Number of updated asset objects reloaded before import = 0
Number of asset objects unloaded after import = 3
========================================================================
Received Import Request.
  Time since last request: 0.000022 seconds.
  path: Assets/Assets/Images/ㄱ。기본형/치토기본형 후면 모션/치토기본형 후면_00008.png
  artifactKey: Guid(a0fdbbc0998d26240b90cebdbd7bc32d) Importer(815301076,1909f56bfc062723c751e8b465ee728b)
Start importing Assets/Assets/Images/ㄱ。기본형/치토기본형 후면 모션/치토기본형 후면_00008.png using Guid(a0fdbbc0998d26240b90cebdbd7bc32d) Importer(815301076,1909f56bfc062723c751e8b465ee728b)  -> (artifact id: '28bb04e7d37ace670e107d47b9fa6957') in 0.043255 seconds
Number of updated asset objects reloaded before import = 0
Number of asset objects unloaded after import = 3
========================================================================
Received Import Request.
  Time since last request: 0.000015 seconds.
  path: Assets/Assets/Images/ㄱ。기본형/치토기본형 후면 모션/치토기본형 후면_00009.png
  artifactKey: Guid(6c9711604c3a2f4409bc67656e723849) Importer(815301076,1909f56bfc062723c751e8b465ee728b)
Start importing Assets/Assets/Images/ㄱ。기본형/치토기본형 후면 모션/치토기본형 후면_00009.png using Guid(6c9711604c3a2f4409bc67656e723849) Importer(815301076,1909f56bfc062723c751e8b465ee728b)  -> (artifact id: '1344c7c67bf229401babe45ad4b00584') in 0.025747 seconds
Number of updated asset objects reloaded before import = 0
Number of asset objects unloaded after import = 3
Editor requested this worker to shutdown with reason: Scaling down because of idle timeout
TcpMessagingSession - receive error: operation aborted. errorcode: 995, details: ������ ���� �Ǵ� ���� ���α׷� ��û ������ I/O �۾��� ��ҵǾ����ϴ�.
AssetImportWorker is now disconnected from the server
Process exiting
Exiting without the bug reporter. Application will terminate with return code 0
=======
Assertion failed on expression: 'IsFileCreated(assemblyPath)'
Assertion failed on expression: 'IsFileCreated(assemblyPath)'
Assertion failed on expression: 'IsFileCreated(assemblyPath)'
Assertion failed on expression: 'IsFileCreated(assemblyPath)'
Assertion failed on expression: 'IsFileCreated(assemblyPath)'
Assertion failed on expression: 'IsFileCreated(assemblyPath)'
Assertion failed on expression: 'IsFileCreated(assemblyPath)'
Assertion failed on expression: 'IsFileCreated(assemblyPath)'
Assertion failed on expression: 'IsFileCreated(assemblyPath)'
Assertion failed on expression: 'IsFileCreated(assemblyPath)'
Assertion failed on expression: 'IsFileCreated(assemblyPath)'
Assertion failed on expression: 'IsFileCreated(assemblyPath)'
Assertion failed on expression: 'IsFileCreated(assemblyPath)'
Compilation Pipeline: Could not read file Packages/com.unity.textmeshpro/Scripts/Runtime/Unity.TextMeshPro.asmdef
Fatal Error! Compilation Pipeline: Could not read file Packages/com.unity.textmeshpro/Scripts/Runtime/Unity.TextMeshPro.asmdef
Obtained 35 stack frames.
#0  0x0000018ee76a60 in __pthread_kill
#1  0xf85a80018edbba20 in abort
#2  0x23380010523d94c in __cxx_global_var_init.3
#3  0x00000103e1b5c0 in EditorMonoConsole::LogToConsoleImplementation(CppLogEntry&)
#4  0x00000103e1b210 in EditorMonoConsole::LogToConsoleImplementation(DebugStringToFileData const&)
#5  0x00000103e1ca54 in LogToConsoleImplementation(DebugStringToFileData const&)
#6  0x00000104b88148 in DebugStringToFilePostprocessedStacktrace(DebugStringToFileData const&)
#7  0x00000104b88a1c in DebugStringToFile(DebugStringToFileData const&)
#8  0x00000104329610 in RegisterAssemblyDefinition(core::basic_string<char, core::StringStorageDefault<char>> const&)
#9  0x00000104719e70 in UpdateScriptCompilationPipelineCaches(ScriptChanges const&, bool)
#10 0x0000010471a6d8 in WorkerInitializeAndProcessScriptChanges()
#11 0x00000103fae850 in Application::InitializeProject()
#12 0x00000105249634 in -[EditorApplication applicationDidFinishLaunching:]
#13 0x0000018ef82b1c in __CFNOTIFICATIONCENTER_IS_CALLING_OUT_TO_AN_OBSERVER__
#14 0xe21f00018f016db8 in ___CFXRegistrationPost_block_invoke
#15 0xe90d80018f016d00 in _CFXRegistrationPost
#16 0xb97d80018ef51648 in _CFXNotificationPost
#17 0x853a00019006d464 in -[NSNotificationCenter postNotificationName:object:userInfo:]
#18 0xc1040001927ec37c in -[NSApplication _postDidFinishNotification]
#19 0x26028001927ec12c in -[NSApplication _sendFinishLaunchingNotification]
#20 0x112b8001927ea674 in -[NSApplication(NSAppleEventHandling) _handleAEOpenEvent:]
#21 0x4648001927ea270 in -[NSApplication(NSAppleEventHandling) _handleCoreEvent:withReplyEvent:]
#22 0xe819000190095914 in -[NSAppleEventManager dispatchRawAppleEvent:withRawReply:handlerRefCon:]
#23 0xf868000190095708 in _NSAppleEventManagerGenericHandler
#24 0x3c17800195fa69c4 in _AppleEventsCheckInAppWithBlock
#25 0x2e0d800195fa62ec in _AppleEventsCheckInAppWithBlock
#26 0x5926800195f9f8a8 in aeProcessAppleEvent
#27 0x7a30000199736e90 in AEProcessAppleEvent
#28 0xaf180001927e4c7c in _DPSNextEvent
#29 0xc24f000192fd6dec in -[NSApplication(NSEventRouting) _nextEventMatchingEventMask:untilDate:inMode:dequeue:]
#30 0x3b6d8001927d7cb8 in -[NSApplication run]
#31 0xc390001927aef54 in NSApplicationMain
#32 0xef3c800105262d6c in EditorMain(int, char const**)
#33 0x000001052630b8 in main
#34 0x0000018eb260e0 in start
>>>>>>> Stashed changes
