Using pre-set license
Built from '2022.3/staging' branch; Version is '2022.3.9f1 (ea401c316338) revision 15351836'; Using compiler version '192829333'; Build Type 'Release'
OS: 'Windows 10  (10.0.19043) 64bit Core' Language: 'ko' Physical Memory: 16221 MB
BatchMode: 1, IsHumanControllingUs: 0, StartBugReporterOnCrash: 0, Is64bit: 1, IsPro: 1

COMMAND LINE ARGUMENTS:
C:\Program Files\Unity 2022.3.9f1\Editor\Unity.exe
-adb2
-batchMode
-noUpm
-name
AssetImportWorker2
-projectPath
C:/Users/Administrator/Documents/GitHub/2024_TML_team1/TML_project
-logFile
Logs/AssetImportWorker2.log
-srvPort
50296
Successfully changed project path to: C:/Users/Administrator/Documents/GitHub/2024_TML_team1/TML_project
C:/Users/Administrator/Documents/GitHub/2024_TML_team1/TML_project
[UnityMemory] Configuration Parameters - Can be set up in boot.config
    "memorysetup-bucket-allocator-granularity=16"
    "memorysetup-bucket-allocator-bucket-count=8"
    "memorysetup-bucket-allocator-block-size=33554432"
    "memorysetup-bucket-allocator-block-count=8"
    "memorysetup-main-allocator-block-size=16777216"
    "memorysetup-thread-allocator-block-size=16777216"
    "memorysetup-gfx-main-allocator-block-size=16777216"
    "memorysetup-gfx-thread-allocator-block-size=16777216"
    "memorysetup-cache-allocator-block-size=4194304"
    "memorysetup-typetree-allocator-block-size=2097152"
    "memorysetup-profiler-bucket-allocator-granularity=16"
    "memorysetup-profiler-bucket-allocator-bucket-count=8"
    "memorysetup-profiler-bucket-allocator-block-size=33554432"
    "memorysetup-profiler-bucket-allocator-block-count=8"
    "memorysetup-profiler-allocator-block-size=16777216"
    "memorysetup-profiler-editor-allocator-block-size=1048576"
    "memorysetup-temp-allocator-size-main=16777216"
    "memorysetup-job-temp-allocator-block-size=2097152"
    "memorysetup-job-temp-allocator-block-size-background=1048576"
    "memorysetup-job-temp-allocator-reduction-small-platforms=262144"
    "memorysetup-allocator-temp-initial-block-size-main=262144"
    "memorysetup-allocator-temp-initial-block-size-worker=262144"
    "memorysetup-temp-allocator-size-background-worker=32768"
    "memorysetup-temp-allocator-size-job-worker=262144"
    "memorysetup-temp-allocator-size-preload-manager=33554432"
    "memorysetup-temp-allocator-size-nav-mesh-worker=65536"
    "memorysetup-temp-allocator-size-audio-worker=65536"
    "memorysetup-temp-allocator-size-cloud-worker=32768"
    "memorysetup-temp-allocator-size-gi-baking-worker=262144"
    "memorysetup-temp-allocator-size-gfx=262144"
Player connection [9276] Host "[IP] 125.130.210.29 [Port] 0 [Flags] 2 [Guid] 3145045637 [EditorId] 3145045637 [Version] 1048832 [Id] WindowsEditor(7,ONE) [Debug] 1 [PackageName] WindowsEditor [ProjectName] Editor" joined multi-casting on [225.0.0.222:54997]...

Player connection [9276] Host "[IP] 125.130.210.29 [Port] 0 [Flags] 2 [Guid] 3145045637 [EditorId] 3145045637 [Version] 1048832 [Id] WindowsEditor(7,ONE) [Debug] 1 [PackageName] WindowsEditor [ProjectName] Editor" joined alternative multi-casting on [225.0.0.222:34997]...

[Physics::Module] Initialized MultithreadedJobDispatcher with 19 workers.
Refreshing native plugins compatible for Editor in 10.65 ms, found 3 plugins.
Preloading 0 native plugins for Editor in 0.00 ms.
Initialize engine version: 2022.3.9f1 (ea401c316338)
[Subsystems] Discovering subsystems at path C:/Program Files/Unity 2022.3.9f1/Editor/Data/Resources/UnitySubsystems
[Subsystems] Discovering subsystems at path C:/Users/Administrator/Documents/GitHub/2024_TML_team1/TML_project/Assets
GfxDevice: creating device client; threaded=0; jobified=0
Direct3D:
    Version:  Direct3D 11.0 [level 11.1]
    Renderer: NVIDIA GeForce RTX 3060 (ID=0x2487)
    Vendor:   NVIDIA
    VRAM:     12110 MB
    Driver:   32.0.15.5585
Initialize mono
Mono path[0] = 'C:/Program Files/Unity 2022.3.9f1/Editor/Data/Managed'
Mono path[1] = 'C:/Program Files/Unity 2022.3.9f1/Editor/Data/MonoBleedingEdge/lib/mono/unityjit-win32'
Mono config path = 'C:/Program Files/Unity 2022.3.9f1/Editor/Data/MonoBleedingEdge/etc'
Using monoOptions --debugger-agent=transport=dt_socket,embedding=1,server=y,suspend=n,address=127.0.0.1:56180
Begin MonoManager ReloadAssembly
Registering precompiled unity dll's ...
Register platform support module: C:/Program Files/Unity 2022.3.9f1/Editor/Data/PlaybackEngines/WindowsStandaloneSupport/UnityEditor.WindowsStandalone.Extensions.dll
Registered in 0.016276 seconds.
- Loaded All Assemblies, in  0.461 seconds
Native extension for WindowsStandalone target not found
Mono: successfully reloaded assembly
- Finished resetting the current domain, in  0.306 seconds
Domain Reload Profiling: 763ms
	BeginReloadAssembly (170ms)
		ExecutionOrderSort (0ms)
		DisableScriptedObjects (0ms)
		BackupInstance (0ms)
		ReleaseScriptingObjects (0ms)
		CreateAndSetChildDomain (1ms)
	RebuildCommonClasses (40ms)
	RebuildNativeTypeToScriptingClass (13ms)
	initialDomainReloadingComplete (85ms)
	LoadAllAssembliesAndSetupDomain (148ms)
		LoadAssemblies (159ms)
		RebuildTransferFunctionScriptingTraits (0ms)
		AnalyzeDomain (145ms)
			TypeCache.Refresh (144ms)
				TypeCache.ScanAssembly (129ms)
			ScanForSourceGeneratedMonoScriptInfo (0ms)
			ResolveRequiredComponents (0ms)
	FinalizeReload (306ms)
		ReleaseScriptCaches (0ms)
		RebuildScriptCaches (0ms)
		SetupLoadedEditorAssemblies (238ms)
			LogAssemblyErrors (0ms)
			InitializePlatformSupportModulesInManaged (13ms)
			SetLoadedEditorAssemblies (9ms)
			RefreshPlugins (0ms)
			BeforeProcessingInitializeOnLoad (2ms)
			ProcessInitializeOnLoadAttributes (152ms)
			ProcessInitializeOnLoadMethodAttributes (62ms)
			AfterProcessingInitializeOnLoad (0ms)
			EditorAssembliesLoaded (0ms)
		ExecutionOrderSort2 (0ms)
		AwakeInstancesAfterBackupRestoration (0ms)
========================================================================
Worker process is ready to serve import requests
Begin MonoManager ReloadAssembly
- Loaded All Assemblies, in  0.834 seconds
Refreshing native plugins compatible for Editor in 5.92 ms, found 3 plugins.
Native extension for WindowsStandalone target not found
Package Manager log level set to [2]
[Package Manager] Server::EnsureServerProcessIsRunning -- launch failed, reason: Unity was launched with the -noUpm command-line argument
[Package Manager] UpmClient::Send -- Unable to send message (not connected to UPM process).
[Package Manager] Cannot connect to Unity Package Manager local server
Mono: successfully reloaded assembly
- Finished resetting the current domain, in  0.685 seconds
Domain Reload Profiling: 1509ms
	BeginReloadAssembly (200ms)
		ExecutionOrderSort (0ms)
		DisableScriptedObjects (7ms)
		BackupInstance (0ms)
		ReleaseScriptingObjects (0ms)
		CreateAndSetChildDomain (20ms)
	RebuildCommonClasses (38ms)
	RebuildNativeTypeToScriptingClass (13ms)
	initialDomainReloadingComplete (59ms)
	LoadAllAssembliesAndSetupDomain (513ms)
		LoadAssemblies (435ms)
		RebuildTransferFunctionScriptingTraits (0ms)
		AnalyzeDomain (206ms)
			TypeCache.Refresh (182ms)
				TypeCache.ScanAssembly (166ms)
			ScanForSourceGeneratedMonoScriptInfo (17ms)
			ResolveRequiredComponents (5ms)
	FinalizeReload (686ms)
		ReleaseScriptCaches (0ms)
		RebuildScriptCaches (0ms)
		SetupLoadedEditorAssemblies (501ms)
			LogAssemblyErrors (0ms)
			InitializePlatformSupportModulesInManaged (9ms)
			SetLoadedEditorAssemblies (5ms)
			RefreshPlugins (0ms)
			BeforeProcessingInitializeOnLoad (92ms)
			ProcessInitializeOnLoadAttributes (344ms)
			ProcessInitializeOnLoadMethodAttributes (33ms)
			AfterProcessingInitializeOnLoad (18ms)
			EditorAssembliesLoaded (0ms)
		ExecutionOrderSort2 (0ms)
		AwakeInstancesAfterBackupRestoration (16ms)
Launched and connected shader compiler UnityShaderCompiler.exe after 0.04 seconds
Refreshing native plugins compatible for Editor in 3.53 ms, found 3 plugins.
Preloading 0 native plugins for Editor in 0.00 ms.
Unloading 3291 Unused Serialized files (Serialized files now loaded: 0)
Unloading 38 unused Assets / (56.4 KB). Loaded Objects now: 3758.
Memory consumption went from 125.6 MB to 125.6 MB.
Total: 2.167500 ms (FindLiveObjects: 0.158000 ms CreateObjectMapping: 0.071000 ms MarkObjects: 1.857500 ms  DeleteObjects: 0.079900 ms)

AssetImportParameters requested are different than current active one (requested -> active):
  custom:container-demuxer-ogg: 62fdf1f143b41e24485cea50d1cbac27 -> 
  custom:video-decoder-ogg-theora: a1e56fd34408186e4bbccfd4996cb3dc -> 
  custom:framework-win-MediaFoundation: 216162199b28c13a410421893ffa2e32 -> 
  custom:CustomObjectIndexerAttribute: 756ad292c208cfabdd7b50bc23989ffe -> 
  custom:container-demuxer-webm: 4f35f7cbe854078d1ac9338744f61a02 -> 
  custom:container-muxer-webm: aa71ff27fc2769a1b78a27578f13a17b -> 
  custom:video-decoder-webm-vp8: 9c59270c3fd7afecdb556c50c9e8de78 -> 
  custom:SearchIndexIgnoredProperties: e643bd26f0fe6173181afceb89e7c659 -> 
  custom:AudioImporter_EditorPlatform: d09bf68614088b80899f8185d706f6e7 -> 
  custom:video-encoder-webm-vp8: eb34c28f22e8b96e1ab97ce403110664 -> 
  custom:audio-decoder-ogg-vorbis: bf7c407c2cedff20999df2af8eb42d56 -> 
  custom:audio-encoder-webm-vorbis: bf7c407c2cedff20999df2af8eb42d56 -> 
========================================================================
Received Import Request.
  Time since last request: 555.745336 seconds.
  path: Assets/Assets/Tiles/KakaoTalk_20240624_204355340_03.jpg
  artifactKey: Guid(8556a78cdfe5d074ba84d443ed5926b5) Importer(815301076,1909f56bfc062723c751e8b465ee728b)
Start importing Assets/Assets/Tiles/KakaoTalk_20240624_204355340_03.jpg using Guid(8556a78cdfe5d074ba84d443ed5926b5) Importer(815301076,1909f56bfc062723c751e8b465ee728b)  -> (artifact id: '89ad30a9f1fefeed831eb83484620917') in 0.113647 seconds
Number of updated asset objects reloaded before import = 0
Number of asset objects unloaded after import = 3
========================================================================
Received Import Request.
  Time since last request: 46.592030 seconds.
  path: Assets/Assets/Tiles/KakaoTalk_20240624_204355340.asset
  artifactKey: Guid(081e9d8647601a84cb700a19ba5b4ccb) Importer(815301076,1909f56bfc062723c751e8b465ee728b)
Start importing Assets/Assets/Tiles/KakaoTalk_20240624_204355340.asset using Guid(081e9d8647601a84cb700a19ba5b4ccb) Importer(815301076,1909f56bfc062723c751e8b465ee728b)  -> (artifact id: 'e0d2723c4119c5c7afd2569297814a22') in 0.066330 seconds
Number of updated asset objects reloaded before import = 0
Number of asset objects unloaded after import = 3
========================================================================
Received Import Request.
  Time since last request: 3.975618 seconds.
  path: Assets/Assets/Tiles/KakaoTalk_20240624_204355340_01.asset
  artifactKey: Guid(cd6e0a78c2164ea48bca3ae669948228) Importer(815301076,1909f56bfc062723c751e8b465ee728b)
Start importing Assets/Assets/Tiles/KakaoTalk_20240624_204355340_01.asset using Guid(cd6e0a78c2164ea48bca3ae669948228) Importer(815301076,1909f56bfc062723c751e8b465ee728b)  -> (artifact id: '9ca926ec415273ded2321fbce8e35f9a') in 0.005710 seconds
Number of updated asset objects reloaded before import = 0
Number of asset objects unloaded after import = 3
========================================================================
Received Import Request.
  Time since last request: 5.291263 seconds.
  path: Assets/Assets/Tiles/KakaoTalk_20240624_204355340_02.asset
  artifactKey: Guid(ae54e3c132c15274ca7d5743f9ae7b5d) Importer(815301076,1909f56bfc062723c751e8b465ee728b)
Start importing Assets/Assets/Tiles/KakaoTalk_20240624_204355340_02.asset using Guid(ae54e3c132c15274ca7d5743f9ae7b5d) Importer(815301076,1909f56bfc062723c751e8b465ee728b)  -> (artifact id: 'ae05f5abf4bd5746f9015631e1e6edc0') in 0.009604 seconds
Number of updated asset objects reloaded before import = 0
Number of asset objects unloaded after import = 3
========================================================================
Received Import Request.
  Time since last request: 4.825374 seconds.
  path: Assets/Assets/Tiles/KakaoTalk_20240624_204355340_03.asset
  artifactKey: Guid(c5bf4eb94020cef4c89f0a0fcbdeadca) Importer(815301076,1909f56bfc062723c751e8b465ee728b)
Start importing Assets/Assets/Tiles/KakaoTalk_20240624_204355340_03.asset using Guid(c5bf4eb94020cef4c89f0a0fcbdeadca) Importer(815301076,1909f56bfc062723c751e8b465ee728b)  -> (artifact id: 'ac61e27d4c592ee0d05ad0951a39937b') in 0.005859 seconds
Number of updated asset objects reloaded before import = 0
Number of asset objects unloaded after import = 3
========================================================================
Received Import Request.
  Time since last request: 5.830251 seconds.
  path: Assets/Assets/Tiles/KakaoTalk_20240624_204355340_04.asset
  artifactKey: Guid(b6982ad4f7d450248a0486957abb0d28) Importer(815301076,1909f56bfc062723c751e8b465ee728b)
Start importing Assets/Assets/Tiles/KakaoTalk_20240624_204355340_04.asset using Guid(b6982ad4f7d450248a0486957abb0d28) Importer(815301076,1909f56bfc062723c751e8b465ee728b)  -> (artifact id: '6736fa3b1064cc02dde4e243db441160') in 0.006050 seconds
Number of updated asset objects reloaded before import = 0
Number of asset objects unloaded after import = 3
========================================================================
Received Import Request.
  Time since last request: 6.940239 seconds.
  path: Assets/Assets/Tiles/KakaoTalk_20240624_204355340_05.asset
  artifactKey: Guid(e90e4711cfd827d4198f368d99c47c67) Importer(815301076,1909f56bfc062723c751e8b465ee728b)
Start importing Assets/Assets/Tiles/KakaoTalk_20240624_204355340_05.asset using Guid(e90e4711cfd827d4198f368d99c47c67) Importer(815301076,1909f56bfc062723c751e8b465ee728b)  -> (artifact id: '9d56009a3283dc755c93d7d84785bb95') in 0.007462 seconds
Number of updated asset objects reloaded before import = 0
Number of asset objects unloaded after import = 3
========================================================================
Received Import Request.
  Time since last request: 5.707944 seconds.
  path: Assets/Assets/Tiles/KakaoTalk_20240624_204355340_06.asset
  artifactKey: Guid(42a2d9423c7c16f439c8ff0bb0f53d55) Importer(815301076,1909f56bfc062723c751e8b465ee728b)
Start importing Assets/Assets/Tiles/KakaoTalk_20240624_204355340_06.asset using Guid(42a2d9423c7c16f439c8ff0bb0f53d55) Importer(815301076,1909f56bfc062723c751e8b465ee728b)  -> (artifact id: '1e86b0dccd8f66387ae00cf3b4897d06') in 0.007003 seconds
Number of updated asset objects reloaded before import = 0
Number of asset objects unloaded after import = 3
========================================================================
Received Prepare
Begin MonoManager ReloadAssembly
- Loaded All Assemblies, in  0.919 seconds
Refreshing native plugins compatible for Editor in 8.85 ms, found 3 plugins.
Native extension for WindowsStandalone target not found
[Package Manager] Server::EnsureServerProcessIsRunning -- launch failed, reason: Unity was launched with the -noUpm command-line argument
[Package Manager] UpmClient::Send -- Unable to send message (not connected to UPM process).
[Package Manager] Cannot connect to Unity Package Manager local server
Mono: successfully reloaded assembly
- Finished resetting the current domain, in  1.473 seconds
Domain Reload Profiling: 2381ms
	BeginReloadAssembly (206ms)
		ExecutionOrderSort (0ms)
		DisableScriptedObjects (7ms)
		BackupInstance (0ms)
		ReleaseScriptingObjects (0ms)
		CreateAndSetChildDomain (32ms)
	RebuildCommonClasses (36ms)
	RebuildNativeTypeToScriptingClass (13ms)
	initialDomainReloadingComplete (50ms)
	LoadAllAssembliesAndSetupDomain (603ms)
		LoadAssemblies (713ms)
		RebuildTransferFunctionScriptingTraits (0ms)
		AnalyzeDomain (15ms)
			TypeCache.Refresh (7ms)
				TypeCache.ScanAssembly (0ms)
			ScanForSourceGeneratedMonoScriptInfo (0ms)
			ResolveRequiredComponents (6ms)
	FinalizeReload (1473ms)
		ReleaseScriptCaches (0ms)
		RebuildScriptCaches (0ms)
		SetupLoadedEditorAssemblies (518ms)
			LogAssemblyErrors (0ms)
			InitializePlatformSupportModulesInManaged (12ms)
			SetLoadedEditorAssemblies (5ms)
			RefreshPlugins (0ms)
			BeforeProcessingInitializeOnLoad (105ms)
			ProcessInitializeOnLoadAttributes (346ms)
			ProcessInitializeOnLoadMethodAttributes (31ms)
			AfterProcessingInitializeOnLoad (19ms)
			EditorAssembliesLoaded (0ms)
		ExecutionOrderSort2 (0ms)
		AwakeInstancesAfterBackupRestoration (18ms)
Refreshing native plugins compatible for Editor in 6.71 ms, found 3 plugins.
Preloading 0 native plugins for Editor in 0.00 ms.
Unloading 3270 Unused Serialized files (Serialized files now loaded: 0)
Unloading 25 unused Assets / (30.5 KB). Loaded Objects now: 3768.
Memory consumption went from 125.5 MB to 125.4 MB.
Total: 3.542600 ms (FindLiveObjects: 0.492200 ms CreateObjectMapping: 0.119200 ms MarkObjects: 2.878900 ms  DeleteObjects: 0.051400 ms)

Prepare: number of updated asset objects reloaded= 0
AssetImportParameters requested are different than current active one (requested -> active):
  custom:container-demuxer-ogg: 62fdf1f143b41e24485cea50d1cbac27 -> 
  custom:video-decoder-ogg-theora: a1e56fd34408186e4bbccfd4996cb3dc -> 
  custom:framework-win-MediaFoundation: 216162199b28c13a410421893ffa2e32 -> 
  custom:CustomObjectIndexerAttribute: 756ad292c208cfabdd7b50bc23989ffe -> 
  custom:container-demuxer-webm: 4f35f7cbe854078d1ac9338744f61a02 -> 
  custom:container-muxer-webm: aa71ff27fc2769a1b78a27578f13a17b -> 
  custom:video-decoder-webm-vp8: 9c59270c3fd7afecdb556c50c9e8de78 -> 
  custom:SearchIndexIgnoredProperties: e643bd26f0fe6173181afceb89e7c659 -> 
  custom:AudioImporter_EditorPlatform: d09bf68614088b80899f8185d706f6e7 -> 
  custom:video-encoder-webm-vp8: eb34c28f22e8b96e1ab97ce403110664 -> 
  custom:audio-decoder-ogg-vorbis: bf7c407c2cedff20999df2af8eb42d56 -> 
  custom:audio-encoder-webm-vorbis: bf7c407c2cedff20999df2af8eb42d56 -> 
========================================================================
Received Import Request.
  Time since last request: 796.545912 seconds.
  path: Assets/Assets/Tiles/1-02.png
  artifactKey: Guid(45055d4d52dadc4449afb04cd8cd1a7d) Importer(815301076,1909f56bfc062723c751e8b465ee728b)
Start importing Assets/Assets/Tiles/1-02.png using Guid(45055d4d52dadc4449afb04cd8cd1a7d) Importer(815301076,1909f56bfc062723c751e8b465ee728b)  -> (artifact id: '9b19c27f632a6b767399f96c866dd485') in 0.090590 seconds
Number of updated asset objects reloaded before import = 0
Number of asset objects unloaded after import = 2
========================================================================
Received Import Request.
  Time since last request: 0.000099 seconds.
  path: Assets/Assets/Tiles/7-08.png
  artifactKey: Guid(e2c4b9582c211544eb87c50ae7d2cc48) Importer(815301076,1909f56bfc062723c751e8b465ee728b)
Start importing Assets/Assets/Tiles/7-08.png using Guid(e2c4b9582c211544eb87c50ae7d2cc48) Importer(815301076,1909f56bfc062723c751e8b465ee728b)  -> (artifact id: '02ba5c1d02aa954d066a0bf6ba3bbdef') in 0.026732 seconds
Number of updated asset objects reloaded before import = 0
Number of asset objects unloaded after import = 2
========================================================================
Received Import Request.
  Time since last request: 0.000019 seconds.
  path: Assets/Assets/Tiles/3-04.png
  artifactKey: Guid(2682970f0bfc4f245b652337f0328534) Importer(815301076,1909f56bfc062723c751e8b465ee728b)
Start importing Assets/Assets/Tiles/3-04.png using Guid(2682970f0bfc4f245b652337f0328534) Importer(815301076,1909f56bfc062723c751e8b465ee728b)  -> (artifact id: '55b0309fa4a51b92dfe58a8ed1fd7a62') in 0.019909 seconds
Number of updated asset objects reloaded before import = 0
Number of asset objects unloaded after import = 2
========================================================================
Received Import Request.
  Time since last request: 22.929444 seconds.
  path: Assets/Assets/Tiles/2-03.png
  artifactKey: Guid(6378ecc3e309fbf4892906a50d97c37a) Importer(815301076,1909f56bfc062723c751e8b465ee728b)
Start importing Assets/Assets/Tiles/2-03.png using Guid(6378ecc3e309fbf4892906a50d97c37a) Importer(815301076,1909f56bfc062723c751e8b465ee728b)  -> (artifact id: '819733cc5fe6fc742f4ea27b670726d7') in 0.043406 seconds
Number of updated asset objects reloaded before import = 0
Number of asset objects unloaded after import = 3
========================================================================
Received Import Request.
  Time since last request: 0.000017 seconds.
  path: Assets/Assets/Tiles/7-08.png
  artifactKey: Guid(e2c4b9582c211544eb87c50ae7d2cc48) Importer(815301076,1909f56bfc062723c751e8b465ee728b)
Start importing Assets/Assets/Tiles/7-08.png using Guid(e2c4b9582c211544eb87c50ae7d2cc48) Importer(815301076,1909f56bfc062723c751e8b465ee728b)  -> (artifact id: '4f450c51ea9419ef4a7178173b0b922d') in 0.024721 seconds
Number of updated asset objects reloaded before import = 0
Number of asset objects unloaded after import = 3
========================================================================
Received Import Request.
  Time since last request: 0.000027 seconds.
  path: Assets/Assets/Tiles/6-07.png
  artifactKey: Guid(d04c27bbc914d70478cb549e0f7f5b7f) Importer(815301076,1909f56bfc062723c751e8b465ee728b)
Start importing Assets/Assets/Tiles/6-07.png using Guid(d04c27bbc914d70478cb549e0f7f5b7f) Importer(815301076,1909f56bfc062723c751e8b465ee728b)  -> (artifact id: '4fb320c5ae45d37d73dc6d61191655f0') in 0.025080 seconds
Number of updated asset objects reloaded before import = 0
Number of asset objects unloaded after import = 3
Editor requested this worker to shutdown with reason: Scaling down because of idle timeout
TcpMessagingSession - receive error: operation aborted. errorcode: 995, details: 스레드 종료 또는 응용 프로그램 요청 때문에 I/O 작업이 취소되었습니다.
AssetImportWorker is now disconnected from the server
Process exiting
Exiting without the bug reporter. Application will terminate with return code 0